[read] 431008 lines from C:\Users\Leon1\OneDrive\Desktop\Ç°ÑØRP\_gpt\math-convergence\problems\MATH-001\experiments\canonical_evidence\provenance\dl\all_known_solutions in 0.17s
  [50000/431008] 18.7s  2668 lines/s
  [100000/431008] 43.7s  2291 lines/s
  [150000/431008] 81.0s  1852 lines/s
  [200000/431008] 110.3s  1813 lines/s
  [250000/431008] 159.2s  1571 lines/s
  [300000/431008] 214.2s  1401 lines/s
  [350000/431008] 282.6s  1238 lines/s
  [400000/431008] 351.8s  1137 lines/s
{
  "decode_errors": [],
  "decoded": 431008,
  "exit_reasons": [],
  "expected_records": 431008,
  "file": "all_known_solutions",
  "input_nonblank_lines": 431008,
  "input_sha256": "c27f8f53286be5b047a46bf1e469985e44efd4e6955783e8d0fb5ad66b7effde",
  "legacy_alphabet_mismatches_for_n_le_62": 0,
  "lines_read": 431008,
  "n75_count": 0,
  "n75_present": false,
  "n_decode_errors": 0,
  "n_ge_60": {
    "60": 33,
    "61": 2,
    "62": 6,
    "63": 1,
    "64": 26,
    "65": 1,
    "66": 3,
    "67": 1,
    "68": 3,
    "69": 2,
    "70": 15,
    "71": 1,
    "72": 1,
    "73": 1,
    "74": 1,
    "76": 1
  },
  "n_max": 76,
  "n_min": 2,
  "n_present": [
    2,
    3,
    4,
    5,
    6,
    7,
    8,
    9,
    10,
    11,
    12,
    13,
    14,
    15,
    16,
    17,
    18,
    19,
    20,
    21,
    22,
    23,
    24,
    25,
    26,
    27,
    28,
    29,
    30,
    31,
    32,
    33,
    34,
    35,
    36,
    37,
    38,
    39,
    40,
    41,
    42,
    43,
    44,
    45,
    46,
    47,
    48,
    49,
    50,
    51,
    52,
    53,
    54,
    55,
    56,
    57,
    58,
    59,
    60,
    61,
    62,
    63,
    64,
    65,
    66,
    67,
    68,
    69,
    70,
    71,
    72,
    73,
    74,
    76
  ],
  "passed": true,
  "read_seconds": 0.17,
  "sample_requested": 0,
  "sample_seed": null,
  "scope": "FULL_PINNED_CORPUS",
  "seconds": 511.61,
  "verify_fail": 0,
  "verify_failures": [],
  "verify_pass": 431008
}
[written] ../evidence/all_known_solutions_verification.json
