$ C:\Users\Leon1\AppData\Local\Programs\Python\Python313\python.exe adversarial_suite.py --fuzz-rounds 600 --json C:\Users\Leon1\OneDrive\Desktop\前沿RP\_dsk\FrontierMath\problems\MATH-001\results\20260928T034737813749Z-dsk-MATH-001\A1_adversarial_summary.json
[cwd] C:\Users\Leon1\OneDrive\Desktop\前沿RP\_dsk\FrontierMath\problems\MATH-001\experiments\independent_verifier_r1
[exit] 0
[seconds] 2.6

===== stdout =====
{
  "cases_with_problems": 0,
  "expect_fail_cases": 399,
  "expect_pass_cases": 30,
  "failures": [],
  "families": {
    "F_fuzz": {
      "expect_fail": 382,
      "expect_pass": 18,
      "passed": 400,
      "total": 400
    },
    "N_negative": {
      "expect_fail": 12,
      "expect_pass": 0,
      "passed": 12,
      "total": 12
    },
    "P_positive": {
      "expect_fail": 0,
      "expect_pass": 11,
      "passed": 11,
      "total": 11
    },
    "X_structural": {
      "expect_fail": 5,
      "expect_pass": 1,
      "passed": 6,
      "total": 6
    }
  },
  "suite_ok": true,
  "total_cases": 429
}
[written] C:\Users\Leon1\OneDrive\Desktop\前沿RP\_dsk\FrontierMath\problems\MATH-001\results\20260928T034737813749Z-dsk-MATH-001\A1_adversarial_summary.json

===== stderr =====

