$ C:\Users\Leon1\AppData\Local\Programs\Python\Python313\python.exe verify_all_known.py --json C:\Users\Leon1\OneDrive\Desktop\前沿RP\_dsk\FrontierMath\problems\MATH-001\results\20260928T034737813749Z-dsk-MATH-001\A4_all_known.json
[cwd] C:\Users\Leon1\OneDrive\Desktop\前沿RP\_dsk\FrontierMath\problems\MATH-001\experiments\independent_verifier_r1
[exit] 0
[seconds] 395.84

===== stdout =====
[read] 431008 lines from C:\Users\Leon1\OneDrive\Desktop\前沿RP\_dsk\FrontierMath\problems\MATH-001\experiments\lit_data\dl\all_known_solutions in 0.07s
  [50000/431008] 13.0s  3843 lines/s
  [100000/431008] 32.9s  3044 lines/s
  [150000/431008] 53.6s  2799 lines/s
  [200000/431008] 75.6s  2647 lines/s
  [250000/431008] 115.7s  2161 lines/s
  [300000/431008] 162.7s  1844 lines/s
  [350000/431008] 214.6s  1631 lines/s
  [400000/431008] 273.6s  1462 lines/s
{
  "decode_errors": [],
  "decoded": 431008,
  "file": "all_known_solutions",
  "legacy_alphabet_mismatches_for_n_le_62": 0,
  "lines_read": 431008,
  "n75_count": 0,
  "n75_present": false,
  "n_decode_errors": 0,
  "n_ge_60": {
    "60": 33,
    "61": 2,
    "62": 6,
    "63": 1,
    "64": 26,
    "65": 1,
    "66": 3,
    "67": 1,
    "68": 3,
    "69": 2,
    "70": 15,
    "71": 1,
    "72": 1,
    "73": 1,
    "74": 1,
    "76": 1
  },
  "n_max": 76,
  "n_min": 2,
  "n_present": [
    2,
    3,
    4,
    5,
    6,
    7,
    8,
    9,
    10,
    11,
    12,
    13,
    14,
    15,
    16,
    17,
    18,
    19,
    20,
    21,
    22,
    23,
    24,
    25,
    26,
    27,
    28,
    29,
    30,
    31,
    32,
    33,
    34,
    35,
    36,
    37,
    38,
    39,
    40,
    41,
    42,
    43,
    44,
    45,
    46,
    47,
    48,
    49,
    50,
    51,
    52,
    53,
    54,
    55,
    56,
    57,
    58,
    59,
    60,
    61,
    62,
    63,
    64,
    65,
    66,
    67,
    68,
    69,
    70,
    71,
    72,
    73,
    74,
    76
  ],
  "read_seconds": 0.07,
  "seconds": 395.7,
  "verify_fail": 0,
  "verify_failures": [],
  "verify_pass": 431008
}
[written] C:\Users\Leon1\OneDrive\Desktop\前沿RP\_dsk\FrontierMath\problems\MATH-001\results\20260928T034737813749Z-dsk-MATH-001\A4_all_known.json

===== stderr =====

