$ C:\Users\Leon1\AppData\Local\Programs\Python\Python313\python.exe run_small_n_calibration.py --n-max 7 --json C:\Users\Leon1\OneDrive\Desktop\前沿RP\_dsk\FrontierMath\problems\MATH-001\results\20260928T034737813749Z-dsk-MATH-001\A6_calibration.json
[cwd] C:\Users\Leon1\OneDrive\Desktop\前沿RP\_dsk\FrontierMath\problems\MATH-001\experiments\n75_attack
[exit] 0
[seconds] 19.14

===== stdout =====
c found falsified original clause
c found falsified original clause
c found falsified original clause
== exhaustive ground truth: all legal sets with 2 points per row ==
  n=2: 1 legal 2n-sets   invariant-under: {'iden': 1, 'rot2': 1, 'rot4': 1, 'dia1': 1, 'dia2': 1, 'ort1': 1, 'ort2': 1, 'full': 1}   (0.0s)
  n=3: 2 legal 2n-sets   invariant-under: {'iden': 2, 'rot2': 2, 'rot4': 0, 'dia1': 2, 'dia2': 2, 'ort1': 0, 'ort2': 0, 'full': 0}   (0.0s)
  n=4: 11 legal 2n-sets   invariant-under: {'iden': 11, 'rot2': 7, 'rot4': 1, 'dia1': 3, 'dia2': 3, 'ort1': 3, 'ort2': 3, 'full': 1}   (0.0s)
  n=5: 32 legal 2n-sets   invariant-under: {'iden': 32, 'rot2': 0, 'rot4': 0, 'dia1': 4, 'dia2': 4, 'ort1': 0, 'ort2': 0, 'full': 0}   (0.05s)
  n=6: 50 legal 2n-sets   invariant-under: {'iden': 50, 'rot2': 18, 'rot4': 6, 'dia1': 4, 'dia2': 4, 'ort1': 0, 'ort2': 0, 'full': 0}   (0.88s)
  n=7: 132 legal 2n-sets   invariant-under: {'iden': 132, 'rot2': 40, 'rot4': 0, 'dia1': 2, 'dia2': 2, 'ort1': 0, 'ort2': 0, 'full': 0}   (17.83s)
== formulation A: cell-based CNF, exactly 2 per row, at most 2 per line ==
  n=2: SAT (expected SAT) vars=4 clauses=4 0.001s
  n=3: SAT (expected SAT) vars=9 clauses=20 0.001s
  n=4: SAT (expected SAT) vars=16 clauses=76 0.001s
  n=5: SAT (expected SAT) vars=25 clauses=227 0.001s
  n=6: SAT (expected SAT) vars=36 clauses=528 0.001s
  n=7: SAT (expected SAT) vars=49 clauses=1118 0.004s
== formulation B: orbit-based CNF per symmetry group ==
  n=2: iden=SAT  rot2=SAT  rot4=SAT  dia1=SAT  dia2=SAT  ort1=SAT  ort2=SAT  full=SAT
  n=3: iden=SAT  rot2=SAT  rot4=UNSAT_BY_ORBIT_PARITY  dia1=SAT  dia2=SAT  ort1=UNSAT  ort2=UNSAT  full=UNSAT_BY_ORBIT_PARITY
  n=4: iden=SAT  rot2=SAT  rot4=SAT  dia1=SAT  dia2=SAT  ort1=SAT  ort2=SAT  full=SAT
  n=5: iden=SAT  rot2=UNSAT  rot4=UNSAT_BY_ORBIT_PARITY  dia1=SAT  dia2=SAT  ort1=UNSAT  ort2=UNSAT  full=UNSAT_BY_ORBIT_PARITY
  n=6: iden=SAT  rot2=SAT  rot4=SAT  dia1=SAT  dia2=SAT  ort1=UNSAT  ort2=UNSAT  full=UNSAT
  n=7: iden=SAT  rot2=SAT  rot4=UNSAT_BY_ORBIT_PARITY  dia1=SAT  dia2=SAT  ort1=UNSAT  ort2=UNSAT  full=UNSAT_BY_ORBIT_PARITY
== UNSAT controls (each must be UNSAT for an independently provable reason) ==
  C1_at_most_1_per_row_n3: SAT (with 2n forced: UNSAT)
  C1_at_most_1_per_row_n4: SAT (with 2n forced: UNSAT)
  C1_at_most_1_per_row_n5: SAT (with 2n forced: UNSAT)
  C2_rot4_parity_n3: feasible=False -- exactly one orbit of size 1 (the centre) and the rest of size 4: any invariant set has size in {0,1} mod 4, but target=6 ≡ 2
  C2_rot4_parity_n5: feasible=False -- exactly one orbit of size 1 (the centre) and the rest of size 4: any invariant set has size in {0,1} mod 4, but target=10 ≡ 2
  C2_rot4_parity_n7: feasible=False -- exactly one orbit of size 1 (the centre) and the rest of size 4: any invariant set has size in {0,1} mod 4, but target=14 ≡ 2
{
  "calibration_ok": true,
  "failures": [],
  "n_checks": 60
}
[written] C:\Users\Leon1\OneDrive\Desktop\前沿RP\_dsk\FrontierMath\problems\MATH-001\results\20260928T034737813749Z-dsk-MATH-001\A6_calibration.json

===== stderr =====

