$ C:\Users\Leon1\AppData\Local\Programs\Python\Python313\python.exe benchmark.py --json C:\Users\Leon1\OneDrive\Desktop\前沿RP\_dsk\FrontierMath\problems\MATH-001\results\20260928T034737813749Z-dsk-MATH-001\A8_benchmark.json
[cwd] C:\Users\Leon1\OneDrive\Desktop\前沿RP\_dsk\FrontierMath\problems\MATH-001\experiments\n75_attack
[exit] 0
[seconds] 190.59

===== stdout =====
== line census for n=75 ==
  1336828 maximal lines with >=3 points, 5081844 incidences, longest line 75
  encoded explicitly: 1336088, needing a cardinality network: 740
  estimated clauses: 15,508,860   (19.13s)
== orbit structure and parity exclusions ==
   iden: sizes {'1': 5625}  feasible=True
   rot2: sizes {'1': 1, '2': 2812}  feasible=True
   rot4: sizes {'1': 1, '4': 1406}  feasible=False  -- exactly one orbit of size 1 (the centre) and the rest of size 4: any invariant set has size in {0,1} mod 4, but target=150 ≡ 2
   dia1: sizes {'1': 75, '2': 2775}  feasible=True
   dia2: sizes {'1': 75, '2': 2775}  feasible=True
   ort1: sizes {'1': 75, '2': 2775}  feasible=True
   ort2: sizes {'1': 75, '2': 2775}  feasible=True
   full: sizes {'1': 1, '4': 74, '8': 666}  feasible=False  -- target 150 is not a sum of the available orbit sizes [(1, 1), (4, 74), (8, 666)]
  -> excluded by counting alone: ['rot4', 'full']
== rot2 (180-degree) instance for n=75 ==
  built: vars=1,648,125 clauses=36,418,316 bytes=694,932,595  sha256=2b47bce655ec925d  (168.7s)
== negative controls: does the CNF audit catch a broken encoder? ==
  intact_encoder: complete=True lines_with_missing_triple=0
  missing_line_family: complete=False lines_with_missing_triple=1
  audit_has_teeth=True
[written] C:\Users\Leon1\OneDrive\Desktop\前沿RP\_dsk\FrontierMath\problems\MATH-001\results\20260928T034737813749Z-dsk-MATH-001\A8_benchmark.json

===== stderr =====

